2026-05-16 20:36:48,579 [INFO] delete_save:2008 - Save file deleted: slot 1
2026-05-16 20:48:53,829 [ERROR] _create_character:395 - Character creation error: 'berserker'
Traceback (most recent call last):
  File "C:\Users\James Cagney\labyrinth\labyrinth\game.py", line 371, in _create_character
    weapons = WeaponSystem.create_starting_weapons()[char_class]
              ~~~~~~~~~~~~~~~~~~~~~~~~~~~~~~~~~~~~~~^^^^^^^^^^^^
KeyError: 'berserker'
2026-05-16 20:48:53,830 [INFO] _generate_dungeon:410 - Starting dungeon generation (NG+0)...
2026-05-16 20:48:53,832 [ERROR] main:25 - Fatal error: 'floor10_start'
Traceback (most recent call last):
  File "C:\Users\James Cagney\labyrinth\labyrinth\game.py", line 371, in _create_character
    weapons = WeaponSystem.create_starting_weapons()[char_class]
              ~~~~~~~~~~~~~~~~~~~~~~~~~~~~~~~~~~~~~~^^^^^^^^^^^^
KeyError: 'berserker'

During handling of the above exception, another exception occurred:

Traceback (most recent call last):
  File "C:\Users\James Cagney\labyrinth\labyrinth\main.py", line 21, in main
    game.start_game()
    ~~~~~~~~~~~~~~~^^
  File "C:\Users\James Cagney\labyrinth\labyrinth\game.py", line 261, in start_game
    self._create_character()
    ~~~~~~~~~~~~~~~~~~~~~~^^
  File "C:\Users\James Cagney\labyrinth\labyrinth\game.py", line 397, in _create_character
    self._generate_dungeon()
    ~~~~~~~~~~~~~~~~~~~~~~^^
  File "C:\Users\James Cagney\labyrinth\labyrinth\game.py", line 548, in _generate_dungeon
    self._connect_rooms(rooms, start_id)
    ~~~~~~~~~~~~~~~~~~~^^^^^^^^^^^^^^^^^
  File "C:\Users\James Cagney\labyrinth\labyrinth\game.py", line 595, in _connect_rooms
    available = [d for d in directions if d not in rooms[current].exits]
                                                   ~~~~~^^^^^^^^^
KeyError: 'floor10_start'
2026-05-16 20:54:12,650 [ERROR] _create_character:415 - Character creation error: 'berserker'
Traceback (most recent call last):
  File "C:\Users\James Cagney\labyrinth\labyrinth\game.py", line 391, in _create_character
    weapons = WeaponSystem.create_starting_weapons()[char_class]
              ~~~~~~~~~~~~~~~~~~~~~~~~~~~~~~~~~~~~~~^^^^^^^^^^^^
KeyError: 'berserker'
2026-05-16 20:54:12,652 [INFO] _generate_dungeon:430 - Starting dungeon generation (NG+0)...
2026-05-16 20:54:12,655 [INFO] _generate_dungeon:581 - Dungeon generated: 10 floors, 127 total rooms
2026-05-16 21:17:55,896 [ERROR] _create_character:415 - Character creation error: 'berserker'
Traceback (most recent call last):
  File "C:\Users\James Cagney\labyrinth\labyrinth\game.py", line 391, in _create_character
    weapons = WeaponSystem.create_starting_weapons()[char_class]
              ~~~~~~~~~~~~~~~~~~~~~~~~~~~~~~~~~~~~~~^^^^^^^^^^^^
KeyError: 'berserker'
2026-05-16 21:17:55,897 [INFO] _generate_dungeon:430 - Starting dungeon generation (NG+0)...
2026-05-16 21:17:55,899 [INFO] _generate_dungeon:581 - Dungeon generated: 10 floors, 125 total rooms
2026-05-16 21:22:32,808 [INFO] _create_character:405 - New character: Deku (berserker) with Titan Club
2026-05-16 21:22:32,808 [INFO] _generate_dungeon:430 - Starting dungeon generation (NG+0)...
2026-05-16 21:22:32,810 [INFO] _generate_dungeon:581 - Dungeon generated: 10 floors, 150 total rooms
2026-05-16 21:22:55,800 [INFO] fight_enemy:264 - Combat: Deku vs prison guard (HP 54)
2026-05-16 21:22:55,800 [INFO] fight_enemy:358 - Victory: Deku defeated prison guard in 2 turns
2026-05-16 21:22:55,800 [INFO] gain_experience:62 - Player gained 35 XP. Total: 35/80
2026-05-16 21:22:55,800 [INFO] fight_enemy:264 - Combat: Deku vs goblin (HP 34)
2026-05-16 21:22:55,801 [INFO] fight_enemy:358 - Victory: Deku defeated goblin in 1 turns
2026-05-16 21:22:55,801 [INFO] gain_experience:62 - Player gained 25 XP. Total: 60/80
2026-05-16 21:25:09,389 [INFO] fight_enemy:264 - Combat: Deku vs goblin (HP 34)
2026-05-16 21:25:09,389 [INFO] fight_enemy:358 - Victory: Deku defeated goblin in 1 turns
2026-05-16 21:25:09,389 [INFO] gain_experience:62 - Player gained 25 XP. Total: 85/80
2026-05-16 21:25:09,390 [INFO] _level_up:91 - LEVEL UP: Deku reached level 2. HP: 158
2026-05-16 21:25:09,390 [INFO] fight_enemy:264 - Combat: Deku vs skeleton (HP 41)
2026-05-16 21:25:09,390 [INFO] fight_enemy:358 - Victory: Deku defeated skeleton in 1 turns
2026-05-16 21:25:09,391 [INFO] gain_experience:62 - Player gained 30 XP. Total: 35/108
2026-05-16 21:26:21,181 [INFO] fight_enemy:264 - Combat: Deku vs skeleton (HP 41)
2026-05-16 21:26:21,182 [INFO] fight_enemy:358 - Victory: Deku defeated skeleton in 1 turns
2026-05-16 21:26:21,182 [INFO] gain_experience:62 - Player gained 30 XP. Total: 65/108
2026-05-16 21:26:21,182 [INFO] fight_enemy:264 - Combat: Deku vs prison guard (HP 54)
2026-05-16 21:26:21,182 [INFO] fight_enemy:358 - Victory: Deku defeated prison guard in 1 turns
2026-05-16 21:26:21,182 [INFO] gain_experience:62 - Player gained 35 XP. Total: 100/108
2026-05-16 21:27:25,209 [INFO] fight_enemy:264 - Combat: Deku vs prison guard (HP 54)
2026-05-16 21:27:25,209 [INFO] fight_enemy:358 - Victory: Deku defeated prison guard in 1 turns
2026-05-16 21:27:25,209 [INFO] gain_experience:62 - Player gained 35 XP. Total: 135/108
2026-05-16 21:27:25,209 [INFO] _level_up:91 - LEVEL UP: Deku reached level 3. HP: 176
2026-05-16 21:27:30,963 [INFO] gain_experience:62 - Player gained 200 XP. Total: 227/145
2026-05-16 21:27:30,963 [INFO] _level_up:91 - LEVEL UP: Deku reached level 4. HP: 194
2026-05-16 21:27:48,742 [INFO] gain_experience:62 - Player gained 100 XP. Total: 182/195
2026-05-16 21:28:18,368 [INFO] fight_enemy:264 - Combat: Deku vs skeleton (HP 41)
2026-05-16 21:28:18,368 [INFO] fight_enemy:358 - Victory: Deku defeated skeleton in 1 turns
2026-05-16 21:28:18,369 [INFO] gain_experience:62 - Player gained 30 XP. Total: 212/195
2026-05-16 21:28:18,369 [INFO] _level_up:91 - LEVEL UP: Deku reached level 5. HP: 212
2026-05-16 21:28:18,369 [INFO] fight_enemy:264 - Combat: Deku vs sewer rat (HP 20)
2026-05-16 21:28:18,369 [INFO] fight_enemy:358 - Victory: Deku defeated sewer rat in 1 turns
2026-05-16 21:28:18,369 [INFO] gain_experience:62 - Player gained 15 XP. Total: 32/263
2026-05-16 21:28:33,488 [INFO] gain_experience:62 - Player gained 150 XP. Total: 182/263
2026-05-16 21:32:28,761 [INFO] _create_character:405 - New character: Deku (berserker) with Titan Club
2026-05-16 21:32:28,761 [INFO] _generate_dungeon:430 - Starting dungeon generation (NG+0)...
2026-05-16 21:32:28,763 [INFO] _generate_dungeon:581 - Dungeon generated: 10 floors, 135 total rooms
2026-05-16 21:32:46,781 [INFO] fight_enemy:264 - Combat: Deku vs sewer rat (HP 20)
2026-05-16 21:32:46,782 [INFO] fight_enemy:358 - Victory: Deku defeated sewer rat in 1 turns
2026-05-16 21:32:46,782 [INFO] gain_experience:62 - Player gained 15 XP. Total: 15/80
2026-05-16 21:33:00,797 [INFO] fight_enemy:264 - Combat: Deku vs skeleton (HP 41)
2026-05-16 21:33:00,797 [INFO] fight_enemy:358 - Victory: Deku defeated skeleton in 2 turns
2026-05-16 21:33:00,797 [INFO] gain_experience:62 - Player gained 30 XP. Total: 45/80
2026-05-16 21:33:00,798 [INFO] fight_enemy:264 - Combat: Deku vs sewer rat (HP 20)
2026-05-16 21:33:00,798 [INFO] fight_enemy:358 - Victory: Deku defeated sewer rat in 1 turns
2026-05-16 21:33:00,798 [INFO] gain_experience:62 - Player gained 15 XP. Total: 60/80
2026-05-16 21:33:04,804 [INFO] gain_experience:62 - Player gained 150 XP. Total: 210/80
2026-05-16 21:33:04,804 [INFO] _level_up:91 - LEVEL UP: Deku reached level 2. HP: 158
2026-05-16 21:33:04,804 [INFO] _level_up:91 - LEVEL UP: Deku reached level 3. HP: 176
2026-05-16 21:35:45,814 [INFO] _create_character:405 - New character: Deku (berserker) with Titan Club
2026-05-16 21:35:45,814 [INFO] _generate_dungeon:430 - Starting dungeon generation (NG+0)...
2026-05-16 21:35:45,817 [INFO] _generate_dungeon:581 - Dungeon generated: 10 floors, 135 total rooms
2026-05-16 21:36:02,251 [INFO] fight_enemy:264 - Combat: Deku vs sewer rat (HP 20)
2026-05-16 21:36:02,252 [INFO] fight_enemy:358 - Victory: Deku defeated sewer rat in 1 turns
2026-05-16 21:36:02,252 [INFO] gain_experience:62 - Player gained 15 XP. Total: 15/80
2026-05-16 21:36:02,252 [INFO] fight_enemy:264 - Combat: Deku vs skeleton (HP 41)
2026-05-16 21:36:02,253 [INFO] fight_enemy:358 - Victory: Deku defeated skeleton in 2 turns
2026-05-16 21:36:02,253 [INFO] gain_experience:62 - Player gained 30 XP. Total: 45/80
2026-05-16 21:36:16,699 [INFO] fight_enemy:264 - Combat: Deku vs skeleton (HP 41)
2026-05-16 21:36:16,699 [INFO] fight_enemy:358 - Victory: Deku defeated skeleton in 2 turns
2026-05-16 21:36:16,700 [INFO] gain_experience:62 - Player gained 30 XP. Total: 75/80
2026-05-16 21:36:16,700 [INFO] fight_enemy:264 - Combat: Deku vs sewer rat (HP 20)
2026-05-16 21:36:16,700 [INFO] fight_enemy:358 - Victory: Deku defeated sewer rat in 1 turns
2026-05-16 21:36:16,700 [INFO] gain_experience:62 - Player gained 15 XP. Total: 90/80
2026-05-16 21:36:16,700 [INFO] _level_up:91 - LEVEL UP: Deku reached level 2. HP: 158
2026-05-16 21:36:34,363 [INFO] fight_enemy:264 - Combat: Deku vs sewer rat (HP 20)
2026-05-16 21:36:34,363 [INFO] fight_enemy:358 - Victory: Deku defeated sewer rat in 1 turns
2026-05-16 21:36:34,364 [INFO] gain_experience:62 - Player gained 15 XP. Total: 25/108
2026-05-16 21:36:37,969 [INFO] gain_experience:62 - Player gained 50 XP. Total: 75/108
2026-05-16 21:37:08,741 [INFO] fight_enemy:264 - Combat: Deku vs prison guard (HP 54)
2026-05-16 21:37:08,741 [INFO] fight_enemy:358 - Victory: Deku defeated prison guard in 2 turns
2026-05-16 21:37:08,741 [INFO] gain_experience:62 - Player gained 35 XP. Total: 110/108
2026-05-16 21:37:08,741 [INFO] _level_up:91 - LEVEL UP: Deku reached level 3. HP: 206
2026-05-16 21:37:08,742 [INFO] fight_enemy:264 - Combat: Deku vs goblin (HP 34)
2026-05-16 21:37:08,742 [INFO] fight_enemy:358 - Victory: Deku defeated goblin in 2 turns
2026-05-16 21:37:08,742 [INFO] gain_experience:62 - Player gained 25 XP. Total: 27/145
2026-05-16 21:37:49,006 [INFO] fight_enemy:264 - Combat: Deku vs skeleton (HP 41)
2026-05-16 21:37:49,006 [INFO] fight_enemy:358 - Victory: Deku defeated skeleton in 1 turns
2026-05-16 21:37:49,006 [INFO] gain_experience:62 - Player gained 30 XP. Total: 57/145
2026-05-16 21:37:49,007 [INFO] fight_enemy:264 - Combat: Deku vs goblin (HP 34)
2026-05-16 21:37:49,007 [INFO] fight_enemy:358 - Victory: Deku defeated goblin in 1 turns
2026-05-16 21:37:49,007 [INFO] gain_experience:62 - Player gained 25 XP. Total: 82/145
2026-05-16 21:38:02,062 [INFO] gain_experience:62 - Player gained 50 XP. Total: 132/145
2026-05-16 21:38:14,512 [INFO] fight_enemy:264 - Combat: Deku vs sewer rat (HP 20)
2026-05-16 21:38:14,512 [INFO] fight_enemy:358 - Victory: Deku defeated sewer rat in 1 turns
2026-05-16 21:38:14,512 [INFO] gain_experience:62 - Player gained 15 XP. Total: 147/145
2026-05-16 21:38:14,512 [INFO] _level_up:91 - LEVEL UP: Deku reached level 4. HP: 224
2026-05-16 21:38:14,513 [INFO] fight_enemy:264 - Combat: Deku vs goblin (HP 34)
2026-05-16 21:38:14,513 [INFO] fight_enemy:358 - Victory: Deku defeated goblin in 1 turns
2026-05-16 21:38:14,513 [INFO] gain_experience:62 - Player gained 25 XP. Total: 27/195
2026-05-16 21:38:52,977 [INFO] upgrade_class:247 - CLASS UPGRADE: Deku advanced from tier 1 to 2 (Bloodrage)
2026-05-16 21:39:15,281 [INFO] fight_enemy:264 - Combat: Deku vs goblin (HP 34)
2026-05-16 21:39:15,281 [INFO] fight_enemy:358 - Victory: Deku defeated goblin in 1 turns
2026-05-16 21:39:15,281 [INFO] gain_experience:62 - Player gained 25 XP. Total: 52/195
2026-05-16 21:39:15,281 [INFO] fight_enemy:264 - Combat: Deku vs sewer rat (HP 20)
2026-05-16 21:39:15,281 [INFO] fight_enemy:358 - Victory: Deku defeated sewer rat in 1 turns
2026-05-16 21:39:15,282 [INFO] gain_experience:62 - Player gained 15 XP. Total: 67/195
2026-05-16 21:39:29,015 [INFO] fight_enemy:264 - Combat: Deku vs goblin (HP 34)
2026-05-16 21:39:29,015 [INFO] fight_enemy:358 - Victory: Deku defeated goblin in 1 turns
2026-05-16 21:39:29,015 [INFO] gain_experience:62 - Player gained 25 XP. Total: 92/195
2026-05-16 21:39:29,016 [INFO] fight_enemy:264 - Combat: Deku vs skeleton (HP 41)
2026-05-16 21:39:29,016 [INFO] fight_enemy:358 - Victory: Deku defeated skeleton in 1 turns
2026-05-16 21:39:29,016 [INFO] gain_experience:62 - Player gained 30 XP. Total: 122/195
2026-05-16 21:39:33,781 [INFO] gain_experience:62 - Player gained 150 XP. Total: 272/195
2026-05-16 21:39:33,781 [INFO] _level_up:91 - LEVEL UP: Deku reached level 5. HP: 242
2026-05-16 21:40:24,117 [INFO] fight_enemy:264 - Combat: Deku vs skeleton (HP 41)
2026-05-16 21:40:24,117 [INFO] fight_enemy:358 - Victory: Deku defeated skeleton in 1 turns
2026-05-16 21:40:24,117 [INFO] gain_experience:62 - Player gained 30 XP. Total: 107/263
2026-05-16 21:40:24,117 [INFO] fight_enemy:264 - Combat: Deku vs goblin (HP 34)
2026-05-16 21:40:24,118 [INFO] fight_enemy:358 - Victory: Deku defeated goblin in 1 turns
2026-05-16 21:40:24,118 [INFO] gain_experience:62 - Player gained 25 XP. Total: 132/263
2026-05-16 21:41:40,123 [INFO] fight_enemy:264 - Combat: Deku vs skeleton (HP 41)
2026-05-16 21:41:40,123 [INFO] fight_enemy:358 - Victory: Deku defeated skeleton in 1 turns
2026-05-16 21:41:40,123 [INFO] gain_experience:62 - Player gained 30 XP. Total: 162/263
2026-05-16 21:41:40,123 [INFO] fight_enemy:264 - Combat: Deku vs prison guard (HP 54)
2026-05-16 21:41:40,124 [INFO] fight_enemy:358 - Victory: Deku defeated prison guard in 1 turns
2026-05-16 21:41:40,124 [INFO] gain_experience:62 - Player gained 35 XP. Total: 197/263
2026-05-16 21:42:39,406 [INFO] fight_enemy:264 - Combat: Deku vs goblin (HP 34)
2026-05-16 21:42:39,406 [INFO] fight_enemy:358 - Victory: Deku defeated goblin in 1 turns
2026-05-16 21:42:39,406 [INFO] gain_experience:62 - Player gained 25 XP. Total: 222/263
2026-05-16 21:42:50,349 [INFO] fight_enemy:264 - Combat: Deku vs skeleton (HP 41)
2026-05-16 21:42:50,350 [INFO] fight_enemy:358 - Victory: Deku defeated skeleton in 1 turns
2026-05-16 21:42:50,350 [INFO] gain_experience:62 - Player gained 30 XP. Total: 252/263
2026-05-16 21:43:55,888 [INFO] fight_boss:713 - BOSS FIGHT: Deku (Lvl 5, HP 242) vs Arena Champion on floor 1
2026-05-16 21:44:31,817 [INFO] fight_boss:856 - BOSS VICTORY: Deku defeated Arena Champion in 4 turns on floor 1
2026-05-16 21:44:31,818 [INFO] gain_experience:62 - Player gained 150 XP. Total: 402/263
2026-05-16 21:44:31,818 [INFO] _level_up:91 - LEVEL UP: Deku reached level 6. HP: 260
2026-05-16 21:44:31,820 [ERROR] execute:44 - Command error: 'berserker'
Traceback (most recent call last):
  File "C:\Users\James Cagney\labyrinth\labyrinth\game.py", line 42, in execute
    self.commands[cmd](game, *args)
    ~~~~~~~~~~~~~~~~~~^^^^^^^^^^^^^
  File "C:\Users\James Cagney\labyrinth\labyrinth\game.py", line 136, in cmd_fight
    g._fight_enemy_command(' '.join(args))
    ~~~~~~~~~~~~~~~~~~~~~~^^^^^^^^^^^^^^^^
  File "C:\Users\James Cagney\labyrinth\labyrinth\game.py", line 1048, in _fight_enemy_command
    success = self.combat.fight_boss(matching, self.player, room)
  File "C:\Users\James Cagney\labyrinth\labyrinth\combat.py", line 878, in fight_boss
    boss_weapon = BossConfig.generate_boss_weapon(floor, player)
  File "C:\Users\James Cagney\labyrinth\labyrinth\constants.py", line 2503, in generate_boss_weapon
    pool = cls.BOSS_WEAPON_POOLS[floor][player.character_class]
           ~~~~~~~~~~~~~~~~~~~~~~~~~~~~^^^^^^^^^^^^^^^^^^^^^^^^
KeyError: 'berserker'
2026-05-17 15:48:34,829 [INFO] _create_character:405 - New character: Deku (berserker) with Titan Club
2026-05-17 15:48:34,831 [INFO] _generate_dungeon:430 - Starting dungeon generation (NG+0)...
2026-05-17 15:48:34,833 [INFO] _generate_dungeon:581 - Dungeon generated: 10 floors, 134 total rooms
2026-05-17 15:49:34,245 [INFO] fight_enemy:264 - Combat: Deku vs prison guard (HP 54)
2026-05-17 15:49:34,246 [INFO] fight_enemy:358 - Victory: Deku defeated prison guard in 2 turns
2026-05-17 15:49:34,246 [INFO] gain_experience:62 - Player gained 35 XP. Total: 35/80
2026-05-17 15:49:34,246 [INFO] fight_enemy:264 - Combat: Deku vs sewer rat (HP 20)
2026-05-17 15:49:34,246 [INFO] fight_enemy:358 - Victory: Deku defeated sewer rat in 1 turns
2026-05-17 15:49:34,246 [INFO] gain_experience:62 - Player gained 15 XP. Total: 50/80
2026-05-17 15:49:41,910 [INFO] gain_experience:62 - Player gained 150 XP. Total: 200/80
2026-05-17 15:49:41,910 [INFO] _level_up:91 - LEVEL UP: Deku reached level 2. HP: 158
2026-05-17 15:49:41,911 [INFO] _level_up:91 - LEVEL UP: Deku reached level 3. HP: 176
2026-05-17 15:50:35,081 [INFO] fight_enemy:264 - Combat: Deku vs skeleton (HP 41)
2026-05-17 15:50:35,082 [INFO] fight_enemy:358 - Victory: Deku defeated skeleton in 2 turns
2026-05-17 15:50:35,082 [INFO] gain_experience:62 - Player gained 30 XP. Total: 42/145
2026-05-17 15:51:09,510 [INFO] fight_enemy:264 - Combat: Deku vs skeleton (HP 41)
2026-05-17 15:51:09,511 [INFO] fight_enemy:358 - Victory: Deku defeated skeleton in 2 turns
2026-05-17 15:51:09,511 [INFO] gain_experience:62 - Player gained 30 XP. Total: 72/145
2026-05-17 15:51:09,511 [INFO] fight_enemy:264 - Combat: Deku vs prison guard (HP 54)
2026-05-17 15:51:09,511 [INFO] fight_enemy:358 - Victory: Deku defeated prison guard in 2 turns
2026-05-17 15:51:09,512 [INFO] gain_experience:62 - Player gained 35 XP. Total: 107/145
2026-05-17 15:52:36,118 [INFO] fight_enemy:264 - Combat: Deku vs prison guard (HP 54)
2026-05-17 15:52:36,119 [INFO] fight_enemy:358 - Victory: Deku defeated prison guard in 2 turns
2026-05-17 15:52:36,119 [INFO] gain_experience:62 - Player gained 35 XP. Total: 142/145
2026-05-17 15:52:36,119 [INFO] fight_enemy:264 - Combat: Deku vs sewer rat (HP 20)
2026-05-17 15:52:36,119 [INFO] fight_enemy:358 - Victory: Deku defeated sewer rat in 1 turns
2026-05-17 15:52:36,120 [INFO] gain_experience:62 - Player gained 15 XP. Total: 157/145
2026-05-17 15:52:36,120 [INFO] _level_up:91 - LEVEL UP: Deku reached level 4. HP: 194
2026-05-17 15:54:56,229 [INFO] save_game:1816 - Game saved to slot 1: Deku (Lvl 4, Floor 1)
2026-05-17 15:55:14,257 [INFO] load_game:1976 - Game loaded from slot 1: Deku (Lvl 4, Floor 1)
2026-05-17 15:55:49,761 [INFO] fight_enemy:264 - Combat: Deku vs skeleton (HP 41)
2026-05-17 15:55:49,761 [INFO] fight_enemy:358 - Victory: Deku defeated skeleton in 1 turns
2026-05-17 15:55:49,761 [INFO] gain_experience:62 - Player gained 30 XP. Total: 42/195
2026-05-17 15:55:59,245 [INFO] fight_enemy:264 - Combat: Deku vs skeleton (HP 41)
2026-05-17 15:55:59,246 [INFO] fight_enemy:358 - Victory: Deku defeated skeleton in 1 turns
2026-05-17 15:55:59,246 [INFO] gain_experience:62 - Player gained 30 XP. Total: 72/195
2026-05-17 15:55:59,246 [INFO] fight_enemy:264 - Combat: Deku vs goblin (HP 34)
2026-05-17 15:55:59,246 [INFO] fight_enemy:358 - Victory: Deku defeated goblin in 1 turns
2026-05-17 15:55:59,246 [INFO] gain_experience:62 - Player gained 25 XP. Total: 97/195
2026-05-17 15:56:08,301 [INFO] gain_experience:62 - Player gained 150 XP. Total: 247/195
2026-05-17 15:56:08,301 [INFO] _level_up:91 - LEVEL UP: Deku reached level 5. HP: 212
2026-05-17 15:56:41,225 [INFO] fight_enemy:264 - Combat: Deku vs sewer rat (HP 20)
2026-05-17 15:56:41,225 [INFO] fight_enemy:358 - Victory: Deku defeated sewer rat in 1 turns
2026-05-17 15:56:41,226 [INFO] gain_experience:62 - Player gained 15 XP. Total: 67/263
2026-05-17 15:56:41,226 [INFO] fight_enemy:264 - Combat: Deku vs skeleton (HP 41)
2026-05-17 15:56:41,226 [INFO] fight_enemy:358 - Victory: Deku defeated skeleton in 1 turns
2026-05-17 15:56:41,226 [INFO] gain_experience:62 - Player gained 30 XP. Total: 97/263
2026-05-17 15:56:47,859 [INFO] gain_experience:62 - Player gained 200 XP. Total: 297/263
2026-05-17 15:56:47,859 [INFO] _level_up:91 - LEVEL UP: Deku reached level 6. HP: 230
2026-05-17 15:56:53,578 [INFO] gain_experience:62 - Player gained 100 XP. Total: 134/355
2026-05-17 15:58:08,305 [INFO] fight_enemy:264 - Combat: Deku vs sewer rat (HP 20)
2026-05-17 15:58:08,305 [INFO] fight_enemy:358 - Victory: Deku defeated sewer rat in 1 turns
2026-05-17 15:58:08,306 [INFO] gain_experience:62 - Player gained 15 XP. Total: 149/355
2026-05-17 15:58:21,983 [INFO] gain_experience:62 - Player gained 50 XP. Total: 199/355
2026-05-17 16:09:01,766 [INFO] load_game:1992 - Game loaded from slot 1: Deku (Lvl 4, Floor 1)
2026-05-17 16:09:20,961 [INFO] fight_enemy:264 - Combat: Deku vs prison guard (HP 54)
2026-05-17 16:09:20,961 [INFO] fight_enemy:358 - Victory: Deku defeated prison guard in 1 turns
2026-05-17 16:09:20,961 [INFO] gain_experience:62 - Player gained 35 XP. Total: 47/195
2026-05-17 16:09:20,961 [INFO] fight_enemy:264 - Combat: Deku vs skeleton (HP 41)
2026-05-17 16:09:20,962 [INFO] fight_enemy:358 - Victory: Deku defeated skeleton in 1 turns
2026-05-17 16:09:20,962 [INFO] gain_experience:62 - Player gained 30 XP. Total: 77/195
2026-05-17 16:17:24,268 [INFO] save_game:1839 - Game saved to slot 1: Deku (Lvl 4, Floor 1)
2026-05-17 16:17:45,886 [INFO] load_game:1959 - Game loaded from slot 1: Deku (Lvl 4, Floor 1)
2026-05-17 16:20:51,685 [INFO] fight_enemy:264 - Combat: Deku vs sewer rat (HP 20)
2026-05-17 16:20:51,686 [INFO] fight_enemy:358 - Victory: Deku defeated sewer rat in 1 turns
2026-05-17 16:20:51,686 [INFO] gain_experience:62 - Player gained 15 XP. Total: 92/195
2026-05-17 16:20:51,686 [INFO] fight_enemy:264 - Combat: Deku vs prison guard (HP 54)
2026-05-17 16:20:51,686 [INFO] fight_enemy:358 - Victory: Deku defeated prison guard in 1 turns
2026-05-17 16:20:51,686 [INFO] gain_experience:62 - Player gained 35 XP. Total: 127/195
2026-05-17 16:21:50,982 [INFO] fight_enemy:264 - Combat: Deku vs sewer rat (HP 20)
2026-05-17 16:21:50,983 [INFO] fight_enemy:358 - Victory: Deku defeated sewer rat in 1 turns
2026-05-17 16:21:50,983 [INFO] gain_experience:62 - Player gained 15 XP. Total: 142/195
2026-05-17 16:21:50,983 [INFO] fight_enemy:264 - Combat: Deku vs skeleton (HP 41)
2026-05-17 16:21:50,983 [INFO] fight_enemy:358 - Victory: Deku defeated skeleton in 1 turns
2026-05-17 16:21:50,983 [INFO] gain_experience:62 - Player gained 30 XP. Total: 172/195
2026-05-17 16:22:20,332 [INFO] fight_enemy:264 - Combat: Deku vs sewer rat (HP 20)
2026-05-17 16:22:20,333 [INFO] fight_enemy:358 - Victory: Deku defeated sewer rat in 1 turns
2026-05-17 16:22:20,333 [INFO] gain_experience:62 - Player gained 15 XP. Total: 187/195
2026-05-17 16:25:31,828 [INFO] load_game:1959 - Game loaded from slot 1: Deku (Lvl 4, Floor 1)
2026-05-17 16:25:39,052 [INFO] fight_enemy:264 - Combat: Deku vs sewer rat (HP 20)
2026-05-17 16:25:39,053 [INFO] fight_enemy:358 - Victory: Deku defeated sewer rat in 1 turns
2026-05-17 16:25:39,053 [INFO] gain_experience:62 - Player gained 15 XP. Total: 92/195
2026-05-17 16:25:39,053 [INFO] fight_enemy:264 - Combat: Deku vs prison guard (HP 54)
2026-05-17 16:25:39,053 [INFO] fight_enemy:358 - Victory: Deku defeated prison guard in 1 turns
2026-05-17 16:25:39,054 [INFO] gain_experience:62 - Player gained 35 XP. Total: 127/195
2026-05-17 16:26:09,275 [INFO] fight_enemy:264 - Combat: Deku vs sewer rat (HP 20)
2026-05-17 16:26:09,276 [INFO] fight_enemy:358 - Victory: Deku defeated sewer rat in 1 turns
2026-05-17 16:26:09,276 [INFO] gain_experience:62 - Player gained 15 XP. Total: 142/195
2026-05-17 16:26:09,276 [INFO] fight_enemy:264 - Combat: Deku vs skeleton (HP 41)
2026-05-17 16:26:09,276 [INFO] fight_enemy:358 - Victory: Deku defeated skeleton in 1 turns
2026-05-17 16:26:09,276 [INFO] gain_experience:62 - Player gained 30 XP. Total: 172/195
2026-05-17 16:26:58,935 [INFO] gain_experience:62 - Player gained 50 XP. Total: 222/195
2026-05-17 16:26:58,936 [INFO] _level_up:91 - LEVEL UP: Deku reached level 5. HP: 212
2026-05-17 16:27:45,724 [INFO] fight_boss:713 - BOSS FIGHT: Deku (Lvl 5, HP 212) vs Arena Champion on floor 1
2026-05-17 16:28:09,752 [INFO] fight_boss:856 - BOSS VICTORY: Deku defeated Arena Champion in 4 turns on floor 1
2026-05-17 16:28:09,753 [INFO] gain_experience:62 - Player gained 150 XP. Total: 177/263
2026-05-17 16:28:09,767 [INFO] fight_boss:879 - Boss reward: Deku received Carnage Axe (54 dmg)
2026-05-17 16:28:09,767 [ERROR] execute:44 - Command error: name 'WeaponComparison' is not defined
Traceback (most recent call last):
  File "C:\Users\James Cagney\labyrinth\labyrinth\game.py", line 42, in execute
    self.commands[cmd](game, *args)
    ~~~~~~~~~~~~~~~~~~^^^^^^^^^^^^^
  File "C:\Users\James Cagney\labyrinth\labyrinth\game.py", line 136, in cmd_fight
    g._fight_enemy_command(' '.join(args))
    ~~~~~~~~~~~~~~~~~~~~~~^^^^^^^^^^^^^^^^
  File "C:\Users\James Cagney\labyrinth\labyrinth\game.py", line 1064, in _fight_enemy_command
    success = self.combat.fight_boss(matching, self.player, room)
  File "C:\Users\James Cagney\labyrinth\labyrinth\combat.py", line 889, in fight_boss
    comparison = WeaponComparison.compare_weapons(boss_weapon, player.weapon, player)
                 ^^^^^^^^^^^^^^^^
NameError: name 'WeaponComparison' is not defined
2026-05-17 16:29:48,052 [INFO] load_game:1959 - Game loaded from slot 1: Deku (Lvl 4, Floor 1)
2026-05-17 16:29:52,903 [INFO] fight_enemy:265 - Combat: Deku vs sewer rat (HP 20)
2026-05-17 16:29:52,903 [INFO] fight_enemy:359 - Victory: Deku defeated sewer rat in 1 turns
2026-05-17 16:29:52,904 [INFO] gain_experience:62 - Player gained 15 XP. Total: 92/195
2026-05-17 16:29:52,904 [INFO] fight_enemy:265 - Combat: Deku vs prison guard (HP 54)
2026-05-17 16:29:52,904 [INFO] fight_enemy:359 - Victory: Deku defeated prison guard in 1 turns
2026-05-17 16:29:52,904 [INFO] gain_experience:62 - Player gained 35 XP. Total: 127/195
2026-05-17 16:30:21,902 [INFO] fight_enemy:265 - Combat: Deku vs sewer rat (HP 20)
2026-05-17 16:30:21,903 [INFO] fight_enemy:359 - Victory: Deku defeated sewer rat in 1 turns
2026-05-17 16:30:21,903 [INFO] gain_experience:62 - Player gained 15 XP. Total: 142/195
2026-05-17 16:30:21,903 [INFO] fight_enemy:265 - Combat: Deku vs skeleton (HP 41)
2026-05-17 16:30:21,903 [INFO] fight_enemy:359 - Victory: Deku defeated skeleton in 1 turns
2026-05-17 16:30:21,903 [INFO] gain_experience:62 - Player gained 30 XP. Total: 172/195
2026-05-17 16:30:55,665 [INFO] fight_enemy:265 - Combat: Deku vs sewer rat (HP 20)
2026-05-17 16:30:55,666 [INFO] fight_enemy:359 - Victory: Deku defeated sewer rat in 1 turns
2026-05-17 16:30:55,666 [INFO] gain_experience:62 - Player gained 15 XP. Total: 187/195
2026-05-17 16:31:55,072 [INFO] delete_save:2038 - Save file deleted: slot 1
2026-05-17 16:32:13,369 [INFO] _create_character:405 - New character: Deku (berserker) with Titan Club
2026-05-17 16:32:13,369 [INFO] _generate_dungeon:430 - Starting dungeon generation (NG+0)...
2026-05-17 16:32:13,371 [INFO] _generate_dungeon:597 - Dungeon generated: 10 floors, 138 total rooms
2026-05-17 16:32:43,313 [INFO] fight_enemy:265 - Combat: Deku vs prison guard (HP 54)
2026-05-17 16:32:43,314 [INFO] fight_enemy:359 - Victory: Deku defeated prison guard in 1 turns
2026-05-17 16:32:43,314 [INFO] gain_experience:62 - Player gained 35 XP. Total: 35/80
2026-05-17 16:32:56,381 [INFO] fight_enemy:265 - Combat: Deku vs goblin (HP 34)
2026-05-17 16:32:56,382 [INFO] fight_enemy:359 - Victory: Deku defeated goblin in 1 turns
2026-05-17 16:32:56,382 [INFO] gain_experience:62 - Player gained 25 XP. Total: 60/80
2026-05-17 16:32:56,382 [INFO] fight_enemy:265 - Combat: Deku vs skeleton (HP 41)
2026-05-17 16:32:56,382 [INFO] fight_enemy:359 - Victory: Deku defeated skeleton in 2 turns
2026-05-17 16:32:56,383 [INFO] gain_experience:62 - Player gained 30 XP. Total: 90/80
2026-05-17 16:32:56,383 [INFO] _level_up:91 - LEVEL UP: Deku reached level 2. HP: 158
2026-05-17 16:33:35,843 [INFO] fight_enemy:265 - Combat: Deku vs skeleton (HP 41)
2026-05-17 16:33:35,844 [INFO] fight_enemy:359 - Victory: Deku defeated skeleton in 2 turns
2026-05-17 16:33:35,844 [INFO] gain_experience:62 - Player gained 30 XP. Total: 40/108
2026-05-17 16:33:35,844 [INFO] fight_enemy:265 - Combat: Deku vs sewer rat (HP 20)
2026-05-17 16:33:35,844 [INFO] fight_enemy:359 - Victory: Deku defeated sewer rat in 1 turns
2026-05-17 16:33:35,844 [INFO] gain_experience:62 - Player gained 15 XP. Total: 55/108
2026-05-17 16:33:46,516 [INFO] fight_enemy:265 - Combat: Deku vs prison guard (HP 54)
2026-05-17 16:33:46,516 [INFO] fight_enemy:359 - Victory: Deku defeated prison guard in 2 turns
2026-05-17 16:33:46,516 [INFO] gain_experience:62 - Player gained 35 XP. Total: 90/108
2026-05-17 16:33:46,517 [INFO] fight_enemy:265 - Combat: Deku vs sewer rat (HP 20)
2026-05-17 16:33:46,517 [INFO] fight_enemy:359 - Victory: Deku defeated sewer rat in 1 turns
2026-05-17 16:33:46,517 [INFO] gain_experience:62 - Player gained 15 XP. Total: 105/108
2026-05-17 16:34:05,450 [INFO] fight_enemy:265 - Combat: Deku vs treasure guardian (HP 81)
2026-05-17 16:34:05,450 [INFO] fight_enemy:359 - Victory: Deku defeated treasure guardian in 3 turns
2026-05-17 16:34:05,450 [INFO] gain_experience:62 - Player gained 65 XP. Total: 170/108
2026-05-17 16:34:05,450 [INFO] _level_up:91 - LEVEL UP: Deku reached level 3. HP: 176
2026-05-17 16:34:05,451 [INFO] fight_enemy:265 - Combat: Deku vs skeleton (HP 41)
2026-05-17 16:34:05,451 [INFO] fight_enemy:359 - Victory: Deku defeated skeleton in 2 turns
2026-05-17 16:34:05,451 [INFO] gain_experience:62 - Player gained 30 XP. Total: 92/145
2026-05-17 16:34:10,910 [INFO] gain_experience:62 - Player gained 50 XP. Total: 142/145
2026-05-17 16:34:46,119 [INFO] fight_enemy:265 - Combat: Deku vs goblin (HP 34)
2026-05-17 16:34:46,120 [INFO] fight_enemy:359 - Victory: Deku defeated goblin in 1 turns
2026-05-17 16:34:46,120 [INFO] gain_experience:62 - Player gained 25 XP. Total: 167/145
2026-05-17 16:34:46,120 [INFO] _level_up:91 - LEVEL UP: Deku reached level 4. HP: 194
2026-05-17 16:34:57,890 [INFO] fight_enemy:265 - Combat: Deku vs sewer rat (HP 20)
2026-05-17 16:34:57,890 [INFO] fight_enemy:359 - Victory: Deku defeated sewer rat in 1 turns
2026-05-17 16:34:57,890 [INFO] gain_experience:62 - Player gained 15 XP. Total: 37/195
2026-05-17 16:34:57,891 [INFO] fight_enemy:265 - Combat: Deku vs skeleton (HP 41)
2026-05-17 16:34:57,891 [INFO] fight_enemy:359 - Victory: Deku defeated skeleton in 2 turns
2026-05-17 16:34:57,891 [INFO] gain_experience:62 - Player gained 30 XP. Total: 67/195
2026-05-17 16:36:01,380 [INFO] fight_enemy:265 - Combat: Deku vs goblin (HP 34)
2026-05-17 16:36:01,380 [INFO] fight_enemy:359 - Victory: Deku defeated goblin in 1 turns
2026-05-17 16:36:01,380 [INFO] gain_experience:62 - Player gained 25 XP. Total: 92/195
2026-05-17 16:36:01,380 [INFO] fight_enemy:265 - Combat: Deku vs skeleton (HP 41)
2026-05-17 16:36:01,380 [INFO] fight_enemy:359 - Victory: Deku defeated skeleton in 1 turns
2026-05-17 16:36:01,381 [INFO] gain_experience:62 - Player gained 30 XP. Total: 122/195
2026-05-17 16:36:08,245 [INFO] gain_experience:62 - Player gained 50 XP. Total: 172/195
2026-05-17 16:36:27,951 [INFO] fight_enemy:265 - Combat: Deku vs goblin (HP 34)
2026-05-17 16:36:27,952 [INFO] fight_enemy:359 - Victory: Deku defeated goblin in 1 turns
2026-05-17 16:36:27,952 [INFO] gain_experience:62 - Player gained 25 XP. Total: 197/195
2026-05-17 16:36:27,952 [INFO] _level_up:91 - LEVEL UP: Deku reached level 5. HP: 212
2026-05-17 16:36:27,952 [INFO] fight_enemy:265 - Combat: Deku vs prison guard (HP 54)
2026-05-17 16:36:27,952 [INFO] fight_enemy:359 - Victory: Deku defeated prison guard in 1 turns
2026-05-17 16:36:27,953 [INFO] gain_experience:62 - Player gained 35 XP. Total: 37/263
2026-05-17 16:37:04,659 [INFO] gain_experience:62 - Player gained 50 XP. Total: 87/263
2026-05-17 16:37:39,217 [INFO] gain_experience:62 - Player gained 50 XP. Total: 137/263
2026-05-17 16:37:56,173 [INFO] fight_enemy:265 - Combat: Deku vs skeleton (HP 41)
2026-05-17 16:37:56,174 [INFO] fight_enemy:359 - Victory: Deku defeated skeleton in 1 turns
2026-05-17 16:37:56,174 [INFO] gain_experience:62 - Player gained 30 XP. Total: 167/263
2026-05-17 16:37:56,174 [INFO] fight_enemy:265 - Combat: Deku vs goblin (HP 34)
2026-05-17 16:37:56,174 [INFO] fight_enemy:359 - Victory: Deku defeated goblin in 1 turns
2026-05-17 16:37:56,174 [INFO] gain_experience:62 - Player gained 25 XP. Total: 192/263
2026-05-17 16:38:22,907 [INFO] upgrade_class:247 - CLASS UPGRADE: Deku advanced from tier 1 to 2 (Bloodrage)
2026-05-17 16:38:36,558 [INFO] fight_boss:714 - BOSS FIGHT: Deku (Lvl 5, HP 242) vs Arena Champion on floor 1
2026-05-17 16:38:51,445 [INFO] fight_boss:857 - BOSS VICTORY: Deku defeated Arena Champion in 2 turns on floor 1
2026-05-17 16:38:51,445 [INFO] gain_experience:62 - Player gained 150 XP. Total: 342/263
2026-05-17 16:38:51,445 [INFO] _level_up:91 - LEVEL UP: Deku reached level 6. HP: 260
2026-05-17 16:38:51,446 [INFO] fight_boss:880 - Boss reward: Deku received Bloodlust Cleaver (50 dmg)
